1777395283.783316 client started (18092): version 3.4, socket /tmp/tmux-0/default, protocol 8
1777395283.783350 on Linux 6.8.0-110-generic #110-Ubuntu SMP PREEMPT_DYNAMIC Thu Mar 19 15:09:20 UTC 2026
1777395283.783357 using libevent 2.1.12-stable poll
1777395283.783360 using ncurses 6.4 20240113
1777395283.783384 flags are 0x18010000
1777395283.783651 socket is /tmp/tmux-0/default
1777395283.783678 trying connect
1777395283.783706 connect failed: No such file or directory
1777395283.783717 lock file is /tmp/tmux-0/default.lock
1777395283.783778 flock succeeded
1777395283.783786 got lock (6)
1777395283.783798 trying connect
1777395283.783809 connect failed: No such file or directory
1777395283.784118 add peer 0x57ef4c51ab90: 7 ((nil))
1777395283.784756 sending message 100 to peer 0x57ef4c51ab90 (4 bytes)
1777395283.784773 sending message 111 to peer 0x57ef4c51ab90 (8 bytes)
1777395283.784778 sending message 101 to peer 0x57ef4c51ab90 (15 bytes)
1777395283.784782 sending message 109 to peer 0x57ef4c51ab90 (4 bytes)
1777395283.784785 sending message 102 to peer 0x57ef4c51ab90 (11 bytes)
1777395283.784788 sending message 108 to peer 0x57ef4c51ab90 (34 bytes)
1777395283.784792 sending message 112 to peer 0x57ef4c51ab90 (58 bytes)
1777395283.784796 sending message 112 to peer 0x57ef4c51ab90 (5 bytes)
1777395283.784799 sending message 112 to peer 0x57ef4c51ab90 (5 bytes)
1777395283.784803 sending message 112 to peer 0x57ef4c51ab90 (6 bytes)
1777395283.784807 sending message 112 to peer 0x57ef4c51ab90 (6 bytes)
1777395283.784810 sending message 112 to peer 0x57ef4c51ab90 (11 bytes)
1777395283.784814 sending message 112 to peer 0x57ef4c51ab90 (10 bytes)
1777395283.784819 sending message 112 to peer 0x57ef4c51ab90 (13 bytes)
1777395283.784823 sending message 112 to peer 0x57ef4c51ab90 (14 bytes)
1777395283.784827 sending message 112 to peer 0x57ef4c51ab90 (19 bytes)
1777395283.784830 sending message 112 to peer 0x57ef4c51ab90 (11 bytes)
1777395283.784834 sending message 112 to peer 0x57ef4c51ab90 (10 bytes)
1777395283.784838 sending message 112 to peer 0x57ef4c51ab90 (15 bytes)
1777395283.784841 sending message 112 to peer 0x57ef4c51ab90 (21 bytes)
1777395283.784845 sending message 112 to peer 0x57ef4c51ab90 (13 bytes)
1777395283.784849 sending message 112 to peer 0x57ef4c51ab90 (7 bytes)
1777395283.784853 sending message 112 to peer 0x57ef4c51ab90 (13 bytes)
1777395283.784857 sending message 112 to peer 0x57ef4c51ab90 (7 bytes)
1777395283.784861 sending message 112 to peer 0x57ef4c51ab90 (13 bytes)
1777395283.784864 sending message 112 to peer 0x57ef4c51ab90 (9 bytes)
1777395283.784868 sending message 112 to peer 0x57ef4c51ab90 (21 bytes)
1777395283.784871 sending message 112 to peer 0x57ef4c51ab90 (13 bytes)
1777395283.784875 sending message 112 to peer 0x57ef4c51ab90 (9 bytes)
1777395283.784878 sending message 112 to peer 0x57ef4c51ab90 (16 bytes)
1777395283.784881 sending message 112 to peer 0x57ef4c51ab90 (13 bytes)
1777395283.784885 sending message 112 to peer 0x57ef4c51ab90 (9 bytes)
1777395283.784888 sending message 112 to peer 0x57ef4c51ab90 (9 bytes)
1777395283.784892 sending message 112 to peer 0x57ef4c51ab90 (12 bytes)
1777395283.784896 sending message 112 to peer 0x57ef4c51ab90 (8 bytes)
1777395283.784899 sending message 112 to peer 0x57ef4c51ab90 (8 bytes)
1777395283.784903 sending message 112 to peer 0x57ef4c51ab90 (13 bytes)
1777395283.784906 sending message 112 to peer 0x57ef4c51ab90 (7 bytes)
1777395283.784910 sending message 112 to peer 0x57ef4c51ab90 (7 bytes)
1777395283.784914 sending message 112 to peer 0x57ef4c51ab90 (9 bytes)
1777395283.784919 sending message 112 to peer 0x57ef4c51ab90 (9 bytes)
1777395283.784924 sending message 112 to peer 0x57ef4c51ab90 (15 bytes)
1777395283.784928 sending message 112 to peer 0x57ef4c51ab90 (13 bytes)
1777395283.784931 sending message 112 to peer 0x57ef4c51ab90 (12 bytes)
1777395283.784936 sending message 112 to peer 0x57ef4c51ab90 (8 bytes)
1777395283.784939 sending message 112 to peer 0x57ef4c51ab90 (14 bytes)
1777395283.784943 sending message 112 to peer 0x57ef4c51ab90 (11 bytes)
1777395283.784958 sending message 112 to peer 0x57ef4c51ab90 (9 bytes)
1777395283.784963 sending message 112 to peer 0x57ef4c51ab90 (10 bytes)
1777395283.784966 sending message 112 to peer 0x57ef4c51ab90 (10 bytes)
1777395283.784970 sending message 112 to peer 0x57ef4c51ab90 (10 bytes)
1777395283.784974 sending message 112 to peer 0x57ef4c51ab90 (10 bytes)
1777395283.784978 sending message 112 to peer 0x57ef4c51ab90 (11 bytes)
1777395283.784982 sending message 112 to peer 0x57ef4c51ab90 (12 bytes)
1777395283.784987 sending message 112 to peer 0x57ef4c51ab90 (12 bytes)
1777395283.784991 sending message 112 to peer 0x57ef4c51ab90 (12 bytes)
1777395283.784995 sending message 112 to peer 0x57ef4c51ab90 (12 bytes)
1777395283.784999 sending message 112 to peer 0x57ef4c51ab90 (12 bytes)
1777395283.785002 sending message 112 to peer 0x57ef4c51ab90 (11 bytes)
1777395283.785006 sending message 112 to peer 0x57ef4c51ab90 (11 bytes)
1777395283.785010 sending message 112 to peer 0x57ef4c51ab90 (12 bytes)
1777395283.785014 sending message 112 to peer 0x57ef4c51ab90 (12 bytes)
1777395283.785018 sending message 112 to peer 0x57ef4c51ab90 (12 bytes)
1777395283.785022 sending message 112 to peer 0x57ef4c51ab90 (12 bytes)
1777395283.785026 sending message 112 to peer 0x57ef4c51ab90 (12 bytes)
1777395283.785030 sending message 112 to peer 0x57ef4c51ab90 (9 bytes)
1777395283.785034 sending message 112 to peer 0x57ef4c51ab90 (12 bytes)
1777395283.785039 sending message 112 to peer 0x57ef4c51ab90 (13 bytes)
1777395283.785042 sending message 112 to peer 0x57ef4c51ab90 (13 bytes)
1777395283.785046 sending message 112 to peer 0x57ef4c51ab90 (13 bytes)
1777395283.785050 sending message 112 to peer 0x57ef4c51ab90 (13 bytes)
1777395283.785054 sending message 112 to peer 0x57ef4c51ab90 (13 bytes)
1777395283.785059 sending message 112 to peer 0x57ef4c51ab90 (8 bytes)
1777395283.785063 sending message 112 to peer 0x57ef4c51ab90 (11 bytes)
1777395283.785067 sending message 112 to peer 0x57ef4c51ab90 (11 bytes)
1777395283.785071 sending message 112 to peer 0x57ef4c51ab90 (11 bytes)
1777395283.785075 sending message 112 to peer 0x57ef4c51ab90 (12 bytes)
1777395283.785079 sending message 112 to peer 0x57ef4c51ab90 (12 bytes)
1777395283.785082 sending message 112 to peer 0x57ef4c51ab90 (12 bytes)
1777395283.785086 sending message 112 to peer 0x57ef4c51ab90 (12 bytes)
1777395283.785090 sending message 112 to peer 0x57ef4c51ab90 (13 bytes)
1777395283.785095 sending message 112 to peer 0x57ef4c51ab90 (13 bytes)
1777395283.785102 sending message 112 to peer 0x57ef4c51ab90 (13 bytes)
1777395283.785108 sending message 112 to peer 0x57ef4c51ab90 (8 bytes)
1777395283.785114 sending message 112 to peer 0x57ef4c51ab90 (13 bytes)
1777395283.785119 sending message 112 to peer 0x57ef4c51ab90 (13 bytes)
1777395283.785124 sending message 112 to peer 0x57ef4c51ab90 (13 bytes)
1777395283.785129 sending message 112 to peer 0x57ef4c51ab90 (13 bytes)
1777395283.785134 sending message 112 to peer 0x57ef4c51ab90 (13 bytes)
1777395283.785138 sending message 112 to peer 0x57ef4c51ab90 (12 bytes)
1777395283.785142 sending message 112 to peer 0x57ef4c51ab90 (12 bytes)
1777395283.785146 sending message 112 to peer 0x57ef4c51ab90 (12 bytes)
1777395283.785150 sending message 112 to peer 0x57ef4c51ab90 (12 bytes)
1777395283.785156 sending message 112 to peer 0x57ef4c51ab90 (13 bytes)
1777395283.785161 sending message 112 to peer 0x57ef4c51ab90 (8 bytes)
1777395283.785166 sending message 112 to peer 0x57ef4c51ab90 (13 bytes)
1777395283.785172 sending message 112 to peer 0x57ef4c51ab90 (13 bytes)
1777395283.785180 sending message 112 to peer 0x57ef4c51ab90 (13 bytes)
1777395283.785184 sending message 112 to peer 0x57ef4c51ab90 (13 bytes)
1777395283.785191 sending message 112 to peer 0x57ef4c51ab90 (13 bytes)
1777395283.785196 sending message 112 to peer 0x57ef4c51ab90 (13 bytes)
1777395283.785202 sending message 112 to peer 0x57ef4c51ab90 (13 bytes)
1777395283.785207 sending message 112 to peer 0x57ef4c51ab90 (12 bytes)
1777395283.785213 sending message 112 to peer 0x57ef4c51ab90 (12 bytes)
1777395283.785224 sending message 112 to peer 0x57ef4c51ab90 (12 bytes)
1777395283.785238 sending message 112 to peer 0x57ef4c51ab90 (8 bytes)
1777395283.785244 sending message 112 to peer 0x57ef4c51ab90 (12 bytes)
1777395283.785249 sending message 112 to peer 0x57ef4c51ab90 (13 bytes)
1777395283.785255 sending message 112 to peer 0x57ef4c51ab90 (13 bytes)
1777395283.785260 sending message 112 to peer 0x57ef4c51ab90 (13 bytes)
1777395283.785269 sending message 112 to peer 0x57ef4c51ab90 (13 bytes)
1777395283.785274 sending message 112 to peer 0x57ef4c51ab90 (13 bytes)
1777395283.785280 sending message 112 to peer 0x57ef4c51ab90 (13 bytes)
1777395283.785286 sending message 112 to peer 0x57ef4c51ab90 (13 bytes)
1777395283.785291 sending message 112 to peer 0x57ef4c51ab90 (13 bytes)
1777395283.785297 sending message 112 to peer 0x57ef4c51ab90 (12 bytes)
1777395283.785303 sending message 112 to peer 0x57ef4c51ab90 (10 bytes)
1777395283.785309 sending message 112 to peer 0x57ef4c51ab90 (12 bytes)
1777395283.785314 sending message 112 to peer 0x57ef4c51ab90 (12 bytes)
1777395283.785320 sending message 112 to peer 0x57ef4c51ab90 (12 bytes)
1777395283.785325 sending message 112 to peer 0x57ef4c51ab90 (13 bytes)
1777395283.785330 sending message 112 to peer 0x57ef4c51ab90 (13 bytes)
1777395283.785335 sending message 112 to peer 0x57ef4c51ab90 (13 bytes)
1777395283.785341 sending message 112 to peer 0x57ef4c51ab90 (13 bytes)
1777395283.785346 sending message 112 to peer 0x57ef4c51ab90 (13 bytes)
1777395283.785352 sending message 112 to peer 0x57ef4c51ab90 (13 bytes)
1777395283.785358 sending message 112 to peer 0x57ef4c51ab90 (13 bytes)
1777395283.785364 sending message 112 to peer 0x57ef4c51ab90 (10 bytes)
1777395283.785369 sending message 112 to peer 0x57ef4c51ab90 (13 bytes)
1777395283.785373 sending message 112 to peer 0x57ef4c51ab90 (12 bytes)
1777395283.785379 sending message 112 to peer 0x57ef4c51ab90 (12 bytes)
1777395283.785385 sending message 112 to peer 0x57ef4c51ab90 (12 bytes)
1777395283.785390 sending message 112 to peer 0x57ef4c51ab90 (10 bytes)
1777395283.785395 sending message 112 to peer 0x57ef4c51ab90 (10 bytes)
1777395283.785402 sending message 112 to peer 0x57ef4c51ab90 (10 bytes)
1777395283.785407 sending message 112 to peer 0x57ef4c51ab90 (12 bytes)
1777395283.785410 sending message 112 to peer 0x57ef4c51ab90 (13 bytes)
1777395283.785414 sending message 112 to peer 0x57ef4c51ab90 (13 bytes)
1777395283.785418 sending message 112 to peer 0x57ef4c51ab90 (13 bytes)
1777395283.785422 sending message 112 to peer 0x57ef4c51ab90 (13 bytes)
1777395283.785426 sending message 112 to peer 0x57ef4c51ab90 (13 bytes)
1777395283.785430 sending message 112 to peer 0x57ef4c51ab90 (10 bytes)
1777395283.785434 sending message 112 to peer 0x57ef4c51ab90 (11 bytes)
1777395283.785438 sending message 112 to peer 0x57ef4c51ab90 (12 bytes)
1777395283.785442 sending message 112 to peer 0x57ef4c51ab90 (12 bytes)
1777395283.785446 sending message 112 to peer 0x57ef4c51ab90 (12 bytes)
1777395283.785450 sending message 112 to peer 0x57ef4c51ab90 (12 bytes)
1777395283.785454 sending message 112 to peer 0x57ef4c51ab90 (12 bytes)
1777395283.785457 sending message 112 to peer 0x57ef4c51ab90 (11 bytes)
1777395283.785461 sending message 112 to peer 0x57ef4c51ab90 (12 bytes)
1777395283.785465 sending message 112 to peer 0x57ef4c51ab90 (12 bytes)
1777395283.785468 sending message 112 to peer 0x57ef4c51ab90 (13 bytes)
1777395283.785473 sending message 112 to peer 0x57ef4c51ab90 (13 bytes)
1777395283.785476 sending message 112 to peer 0x57ef4c51ab90 (13 bytes)
1777395283.785480 sending message 112 to peer 0x57ef4c51ab90 (13 bytes)
1777395283.785484 sending message 112 to peer 0x57ef4c51ab90 (13 bytes)
1777395283.785488 sending message 112 to peer 0x57ef4c51ab90 (10 bytes)
1777395283.785491 sending message 112 to peer 0x57ef4c51ab90 (9 bytes)
1777395283.785495 sending message 112 to peer 0x57ef4c51ab90 (12 bytes)
1777395283.785499 sending message 112 to peer 0x57ef4c51ab90 (13 bytes)
1777395283.785503 sending message 112 to peer 0x57ef4c51ab90 (13 bytes)
1777395283.785513 sending message 112 to peer 0x57ef4c51ab90 (13 bytes)
1777395283.785517 sending message 112 to peer 0x57ef4c51ab90 (13 bytes)
1777395283.785521 sending message 112 to peer 0x57ef4c51ab90 (13 bytes)
1777395283.785525 sending message 112 to peer 0x57ef4c51ab90 (9 bytes)
1777395283.785529 sending message 112 to peer 0x57ef4c51ab90 (12 bytes)
1777395283.785532 sending message 112 to peer 0x57ef4c51ab90 (13 bytes)
1777395283.785536 sending message 112 to peer 0x57ef4c51ab90 (13 bytes)
1777395283.785541 sending message 112 to peer 0x57ef4c51ab90 (13 bytes)
1777395283.785545 sending message 112 to peer 0x57ef4c51ab90 (13 bytes)
1777395283.785549 sending message 112 to peer 0x57ef4c51ab90 (13 bytes)
1777395283.785553 sending message 112 to peer 0x57ef4c51ab90 (11 bytes)
1777395283.785557 sending message 112 to peer 0x57ef4c51ab90 (12 bytes)
1777395283.785561 sending message 112 to peer 0x57ef4c51ab90 (13 bytes)
1777395283.785565 sending message 112 to peer 0x57ef4c51ab90 (13 bytes)
1777395283.785569 sending message 112 to peer 0x57ef4c51ab90 (13 bytes)
1777395283.785574 sending message 112 to peer 0x57ef4c51ab90 (13 bytes)
1777395283.785578 sending message 112 to peer 0x57ef4c51ab90 (13 bytes)
1777395283.785583 sending message 112 to peer 0x57ef4c51ab90 (11 bytes)
1777395283.785587 sending message 112 to peer 0x57ef4c51ab90 (12 bytes)
1777395283.785591 sending message 112 to peer 0x57ef4c51ab90 (12 bytes)
1777395283.785596 sending message 112 to peer 0x57ef4c51ab90 (12 bytes)
1777395283.785600 sending message 112 to peer 0x57ef4c51ab90 (12 bytes)
1777395283.785604 sending message 112 to peer 0x57ef4c51ab90 (12 bytes)
1777395283.785608 sending message 112 to peer 0x57ef4c51ab90 (21 bytes)
1777395283.785612 sending message 112 to peer 0x57ef4c51ab90 (12 bytes)
1777395283.785616 sending message 112 to peer 0x57ef4c51ab90 (9 bytes)
1777395283.785620 sending message 112 to peer 0x57ef4c51ab90 (6 bytes)
1777395283.785624 sending message 112 to peer 0x57ef4c51ab90 (13 bytes)
1777395283.785628 sending message 112 to peer 0x57ef4c51ab90 (10 bytes)
1777395283.785632 sending message 112 to peer 0x57ef4c51ab90 (24 bytes)
1777395283.785636 sending message 112 to peer 0x57ef4c51ab90 (13 bytes)
1777395283.785640 sending message 112 to peer 0x57ef4c51ab90 (9 bytes)
1777395283.785644 sending message 112 to peer 0x57ef4c51ab90 (70 bytes)
1777395283.785648 sending message 112 to peer 0x57ef4c51ab90 (69 bytes)
1777395283.785653 sending message 112 to peer 0x57ef4c51ab90 (12 bytes)
1777395283.785657 sending message 112 to peer 0x57ef4c51ab90 (10 bytes)
1777395283.785661 sending message 112 to peer 0x57ef4c51ab90 (10 bytes)
1777395283.785665 sending message 112 to peer 0x57ef4c51ab90 (24 bytes)
1777395283.785670 sending message 112 to peer 0x57ef4c51ab90 (13 bytes)
1777395283.785674 sending message 112 to peer 0x57ef4c51ab90 (10 bytes)
1777395283.785678 sending message 112 to peer 0x57ef4c51ab90 (10 bytes)
1777395283.785682 sending message 112 to peer 0x57ef4c51ab90 (10 bytes)
1777395283.785686 sending message 112 to peer 0x57ef4c51ab90 (13 bytes)
1777395283.785694 sending message 112 to peer 0x57ef4c51ab90 (15 bytes)
1777395283.785699 sending message 112 to peer 0x57ef4c51ab90 (5 bytes)
1777395283.785704 sending message 104 to peer 0x57ef4c51ab90 (0 bytes)
1777395283.785709 sending message 110 to peer 0x57ef4c51ab90 (0 bytes)
1777395283.785714 sending message 107 to peer 0x57ef4c51ab90 (4 bytes)
1777395283.785718 sending message 105 to peer 0x57ef4c51ab90 (41 bytes)
1777395283.785722 sending message 105 to peer 0x57ef4c51ab90 (65 bytes)
1777395283.785727 sending message 105 to peer 0x57ef4c51ab90 (32 bytes)
1777395283.785731 sending message 105 to peer 0x57ef4c51ab90 (49 bytes)
1777395283.785735 sending message 105 to peer 0x57ef4c51ab90 (40 bytes)
1777395283.785739 sending message 105 to peer 0x57ef4c51ab90 (37 bytes)
1777395283.785744 sending message 105 to peer 0x57ef4c51ab90 (38 bytes)
1777395283.785748 sending message 105 to peer 0x57ef4c51ab90 (36 bytes)
1777395283.785752 sending message 105 to peer 0x57ef4c51ab90 (11 bytes)
1777395283.785782 sending message 105 to peer 0x57ef4c51ab90 (36 bytes)
1777395283.785786 sending message 105 to peer 0x57ef4c51ab90 (40 bytes)
1777395283.785789 sending message 105 to peer 0x57ef4c51ab90 (40 bytes)
1777395283.785793 sending message 105 to peer 0x57ef4c51ab90 (43 bytes)
1777395283.785798 sending message 105 to peer 0x57ef4c51ab90 (20 bytes)
1777395283.785802 sending message 105 to peer 0x57ef4c51ab90 (46 bytes)
1777395283.785806 sending message 105 to peer 0x57ef4c51ab90 (28 bytes)
1777395283.785810 sending message 105 to peer 0x57ef4c51ab90 (41 bytes)
1777395283.785814 sending message 105 to peer 0x57ef4c51ab90 (59 bytes)
1777395283.785820 sending message 105 to peer 0x57ef4c51ab90 (2186 bytes)
1777395283.785840 sending message 105 to peer 0x57ef4c51ab90 (43 bytes)
1777395283.785846 sending message 105 to peer 0x57ef4c51ab90 (29 bytes)
1777395283.785851 sending message 105 to peer 0x57ef4c51ab90 (35 bytes)
1777395283.785855 sending message 105 to peer 0x57ef4c51ab90 (33 bytes)
1777395283.785859 sending message 105 to peer 0x57ef4c51ab90 (30 bytes)
1777395283.785863 sending message 105 to peer 0x57ef4c51ab90 (51 bytes)
1777395283.785867 sending message 105 to peer 0x57ef4c51ab90 (33 bytes)
1777395283.785870 sending message 105 to peer 0x57ef4c51ab90 (54 bytes)
1777395283.785877 sending message 105 to peer 0x57ef4c51ab90 (451 bytes)
1777395283.785882 sending message 105 to peer 0x57ef4c51ab90 (14 bytes)
1777395283.785886 sending message 105 to peer 0x57ef4c51ab90 (47 bytes)
1777395283.785889 sending message 105 to peer 0x57ef4c51ab90 (49 bytes)
1777395283.785894 sending message 105 to peer 0x57ef4c51ab90 (46 bytes)
1777395283.785897 sending message 105 to peer 0x57ef4c51ab90 (39 bytes)
1777395283.785901 sending message 105 to peer 0x57ef4c51ab90 (40 bytes)
1777395283.785905 sending message 105 to peer 0x57ef4c51ab90 (25 bytes)
1777395283.785909 sending message 105 to peer 0x57ef4c51ab90 (37 bytes)
1777395283.785914 sending message 105 to peer 0x57ef4c51ab90 (55 bytes)
1777395283.785919 sending message 105 to peer 0x57ef4c51ab90 (19 bytes)
1777395283.785923 sending message 105 to peer 0x57ef4c51ab90 (69 bytes)
1777395283.785926 sending message 105 to peer 0x57ef4c51ab90 (53 bytes)
1777395283.785931 sending message 105 to peer 0x57ef4c51ab90 (26 bytes)
1777395283.785935 sending message 105 to peer 0x57ef4c51ab90 (31 bytes)
1777395283.785938 sending message 105 to peer 0x57ef4c51ab90 (28 bytes)
1777395283.785942 sending message 105 to peer 0x57ef4c51ab90 (38 bytes)
1777395283.785946 sending message 105 to peer 0x57ef4c51ab90 (27 bytes)
1777395283.785951 sending message 105 to peer 0x57ef4c51ab90 (22 bytes)
1777395283.785956 sending message 105 to peer 0x57ef4c51ab90 (35 bytes)
1777395283.785959 sending message 105 to peer 0x57ef4c51ab90 (98 bytes)
1777395283.785963 sending message 105 to peer 0x57ef4c51ab90 (120 bytes)
1777395283.785968 sending message 105 to peer 0x57ef4c51ab90 (13 bytes)
1777395283.785972 sending message 105 to peer 0x57ef4c51ab90 (8 bytes)
1777395283.785976 sending message 105 to peer 0x57ef4c51ab90 (35 bytes)
1777395283.785979 sending message 105 to peer 0x57ef4c51ab90 (21 bytes)
1777395283.785983 sending message 105 to peer 0x57ef4c51ab90 (11 bytes)
1777395283.785988 sending message 105 to peer 0x57ef4c51ab90 (8 bytes)
1777395283.785992 sending message 105 to peer 0x57ef4c51ab90 (32 bytes)
1777395283.785996 sending message 105 to peer 0x57ef4c51ab90 (1817 bytes)
1777395283.786001 sending message 105 to peer 0x57ef4c51ab90 (16 bytes)
1777395283.786005 sending message 105 to peer 0x57ef4c51ab90 (77 bytes)
1777395283.786010 sending message 105 to peer 0x57ef4c51ab90 (23 bytes)
1777395283.786013 sending message 105 to peer 0x57ef4c51ab90 (108 bytes)
1777395283.786018 sending message 105 to peer 0x57ef4c51ab90 (20 bytes)
1777395283.786022 sending message 105 to peer 0x57ef4c51ab90 (29 bytes)
1777395283.786026 sending message 105 to peer 0x57ef4c51ab90 (17 bytes)
1777395283.786031 sending message 105 to peer 0x57ef4c51ab90 (20 bytes)
1777395283.786034 sending message 105 to peer 0x57ef4c51ab90 (27 bytes)
1777395283.786044 sending message 105 to peer 0x57ef4c51ab90 (120 bytes)
1777395283.786048 sending message 105 to peer 0x57ef4c51ab90 (106 bytes)
1777395283.786052 sending message 105 to peer 0x57ef4c51ab90 (31 bytes)
1777395283.786058 sending message 105 to peer 0x57ef4c51ab90 (137 bytes)
1777395283.786064 sending message 105 to peer 0x57ef4c51ab90 (54 bytes)
1777395283.786068 sending message 105 to peer 0x57ef4c51ab90 (33 bytes)
1777395283.786072 sending message 105 to peer 0x57ef4c51ab90 (164 bytes)
1777395283.786075 sending message 105 to peer 0x57ef4c51ab90 (112 bytes)
1777395283.786079 sending message 105 to peer 0x57ef4c51ab90 (124 bytes)
1777395283.786083 sending message 105 to peer 0x57ef4c51ab90 (20 bytes)
1777395283.786087 sending message 105 to peer 0x57ef4c51ab90 (78 bytes)
1777395283.786090 sending message 105 to peer 0x57ef4c51ab90 (19 bytes)
1777395283.786094 sending message 105 to peer 0x57ef4c51ab90 (14 bytes)
1777395283.786097 sending message 105 to peer 0x57ef4c51ab90 (19 bytes)
1777395283.786102 sending message 105 to peer 0x57ef4c51ab90 (20 bytes)
1777395283.786105 sending message 105 to peer 0x57ef4c51ab90 (35 bytes)
1777395283.786109 sending message 105 to peer 0x57ef4c51ab90 (93 bytes)
1777395283.786114 sending message 106 to peer 0x57ef4c51ab90 (0 bytes)
1777395283.786218 sending message 200 to peer 0x57ef4c51ab90 (4 bytes)
1777395283.786224 client loop enter
1777395283.786275 client_signal: Child exited
1777395283.861214 peer 0x57ef4c51ab90 message 207
1777395283.861262 sending message 208 to peer 0x57ef4c51ab90 (0 bytes)
1777395294.522598 peer 0x57ef4c51ab90 message 201
1777395294.522624 sending message 205 to peer 0x57ef4c51ab90 (0 bytes)
1777395294.523661 peer 0x57ef4c51ab90 message 204
1777395294.523687 client loop exit
